2025-01-06 20:02:00 | DEBUG | repo=arquillian-phantom-binary | action=edit | files=4
2025-10-20 07:20:00 | INFO | repo=arquillian-phantom-binary | action=commit
2025-12-25 11:38:00 | WARN | repo=arquillian-phantom-binary | action=commit
2025-04-13 17:16:00 | DEBUG | repo=arquillian-phantom-binary | action=commit
2025-04-25 08:11:00 | WARN | repo=arquillian-phantom-binary | action=commit
2025-12-26 15:14:00 | WARN | repo=arquillian-phantom-binary | action=commit
2025-12-20 11:54:00 | WARN | repo=arquillian-phantom-binary | action=commit
2025-04-10 11:43:00 | INFO | repo=arquillian-phantom-binary | action=commit
2025-01-07 21:13:00 | INFO | repo=arquillian-phantom-binary | action=commit
2025-10-16 21:34:00 | INFO | repo=arquillian-phantom-binary | action=commit
2025-04-09 14:07:00 | DEBUG | repo=arquillian-phantom-binary | action=commit
2025-12-15 08:34:00 | WARN | repo=arquillian-phantom-binary | action=commit
2025-10-20 08:53:00 | INFO | repo=arquillian-phantom-binary | action=pull
2025-06-28 19:22:00 | WARN | repo=arquillian-phantom-binary | action=commit
2025-04-23 15:59:00 | WARN | repo=arquillian-phantom-binary | action=commit
2025-05-08 18:51:00 | DEBUG | repo=arquillian-phantom-binary | action=commit
2025-04-26 08:01:00 | INFO | repo=arquillian-phantom-binary | action=edit | files=3
2025-07-14 18:48:00 | WARN | repo=arquillian-phantom-binary | action=commit
2025-12-15 17:09:00 | DEBUG | repo=arquillian-phantom-binary | action=commit
2025-04-26 09:41:00 | WARN | repo=arquillian-phantom-binary | action=commit
2025-06-23 20:27:00 | INFO | repo=arquillian-phantom-binary | action=edit | files=1
2025-08-13 11:51:00 | WARN | repo=arquillian-phantom-binary | action=commit
2025-05-14 18:03:00 | INFO | repo=arquillian-phantom-binary | action=commit
2025-11-19 17:00:00 | INFO | repo=arquillian-phantom-binary | action=commit
2025-03-15 21:40:00 | INFO | repo=arquillian-phantom-binary | action=test | passed=true
2025-09-15 14:33:00 | INFO | repo=arquillian-phantom-binary | action=commit
2025-07-06 08:55:00 | INFO | repo=arquillian-phantom-binary | action=edit | files=1
2025-06-07 12:20:00 | WARN | repo=arquillian-phantom-binary | action=commit
2025-10-22 18:29:00 | WARN | repo=arquillian-phantom-binary | action=commit
2025-09-11 08:19:00 | DEBUG | repo=arquillian-phantom-binary | action=commit
2025-01-02 19:14:00 | INFO | repo=arquillian-phantom-binary | action=commit
2025-06-09 19:26:00 | WARN | repo=arquillian-phantom-binary | action=commit
2025-03-20 21:25:00 | WARN | repo=arquillian-phantom-binary | action=commit
2025-01-02 21:22:00 | WARN | repo=arquillian-phantom-binary | action=commit
2025-05-24 07:34:00 | WARN | repo=arquillian-phantom-binary | action=commit
2025-03-11 10:00:00 | DEBUG | repo=arquillian-phantom-binary | action=commit
2025-11-20 09:26:00 | INFO | repo=arquillian-phantom-binary | action=test | passed=true
2025-06-17 17:46:00 | DEBUG | repo=arquillian-phantom-binary | action=commit
2025-12-10 07:34:00 | INFO | repo=arquillian-phantom-binary | action=commit
2025-03-04 13:54:00 | WARN | repo=arquillian-phantom-binary | action=commit
2025-03-08 08:40:00 | DEBUG | repo=arquillian-phantom-binary | action=commit
2025-09-01 13:56:00 | INFO | repo=arquillian-phantom-binary | action=commit
2025-12-01 11:03:00 | DEBUG | repo=arquillian-phantom-binary | action=commit
2025-06-13 20:39:00 | WARN | repo=arquillian-phantom-binary | action=commit
2025-06-28 17:10:00 | INFO | repo=arquillian-phantom-binary | action=commit
2025-01-04 11:23:00 | DEBUG | repo=arquillian-phantom-binary | action=commit
2025-08-13 11:24:00 | DEBUG | repo=arquillian-phantom-binary | action=commit
2025-08-18 13:11:00 | WARN | repo=arquillian-phantom-binary | action=commit
